run: 35574856888  job: build-apk  status: success
version: 1.0.27

To honour the JVM settings for this build a single-use Daemon process will be forked. For more on this, please refer to https://docs.gradle.org/8.9/userguide/gradle_daemon.html#sec:disabling_the_daemon in the Gradle documentation.
Daemon will be stopped at the end of the build 
> Task :app:clean
> Task :app:preBuild UP-TO-DATE
> Task :app:preReleaseBuild UP-TO-DATE
> Task :app:mergeReleaseJniLibFolders
> Task :app:mergeReleaseNativeLibs NO-SOURCE
> Task :app:stripReleaseDebugSymbols NO-SOURCE
> Task :app:extractReleaseNativeSymbolTables NO-SOURCE
> Task :app:mergeReleaseNativeDebugMetadata NO-SOURCE
> Task :app:javaPreCompileRelease FROM-CACHE
> Task :app:checkReleaseDuplicateClasses
> Task :app:generateReleaseResValues FROM-CACHE
> Task :app:checkReleaseAarMetadata
> Task :app:mapReleaseSourceSetPaths
> Task :app:generateReleaseResources
> Task :app:packageReleaseResources
> Task :app:parseReleaseLocalResources FROM-CACHE
> Task :app:createReleaseCompatibleScreenManifests
> Task :app:extractDeepLinksRelease FROM-CACHE
> Task :app:processReleaseMainManifest
> Task :app:processReleaseManifest
> Task :app:desugarReleaseFileDependencies
> Task :app:mergeReleaseStartupProfile
> Task :app:mergeReleaseResources
> Task :app:processReleaseManifestForPackage
> Task :app:mergeReleaseShaders
> Task :app:mergeReleaseArtProfile
> Task :app:compileReleaseShaders NO-SOURCE
> Task :app:generateReleaseAssets UP-TO-DATE
> Task :app:mergeReleaseAssets
> Task :app:compressReleaseAssets
> Task :app:extractReleaseVersionControlInfo
> Task :app:processReleaseJavaRes NO-SOURCE
> Task :app:processReleaseResources
> Task :app:collectReleaseDependencies
> Task :app:compileReleaseJavaWithJavac FROM-CACHE
> Task :app:mergeReleaseJavaResource
> Task :app:dexBuilderRelease
> Task :app:mergeReleaseGlobalSynthetics
> Task :app:sdkReleaseDependencyData
> Task :app:validateSigningRelease
> Task :app:writeReleaseAppMetadata
> Task :app:writeReleaseSigningConfigVersions
> Task :app:optimizeReleaseResources
> Task :app:mergeExtDexRelease
> Task :app:mergeDexRelease
> Task :app:compileReleaseArtProfile
> Task :app:packageRelease
> Task :app:createReleaseApkListingFileRedirect
> Task :app:assembleRelease

BUILD SUCCESSFUL in 47s
39 actionable tasks: 34 executed, 5 from cache

--- тесты ---
To honour the JVM settings for this build a single-use Daemon process will be forked. For more on this, please refer to https://docs.gradle.org/8.9/userguide/gradle_daemon.html#sec:disabling_the_daemon in the Gradle documentation.
Daemon will be stopped at the end of the build 
> Task :app:preBuild UP-TO-DATE
> Task :app:preDebugBuild UP-TO-DATE
> Task :app:javaPreCompileDebug
> Task :app:generateDebugResValues
> Task :app:checkDebugAarMetadata
> Task :app:mapDebugSourceSetPaths
> Task :app:generateDebugResources
> Task :app:packageDebugResources
> Task :app:mergeDebugResources
> Task :app:createDebugCompatibleScreenManifests
> Task :app:extractDeepLinksDebug
> Task :app:parseDebugLocalResources
> Task :app:processDebugMainManifest
> Task :app:processDebugManifest
> Task :app:preDebugUnitTestBuild UP-TO-DATE
> Task :app:javaPreCompileDebugUnitTest FROM-CACHE
> Task :app:mergeDebugShaders
> Task :app:compileDebugShaders NO-SOURCE
> Task :app:generateDebugAssets UP-TO-DATE
> Task :app:mergeDebugAssets
> Task :app:processDebugJavaRes NO-SOURCE
> Task :app:processDebugManifestForPackage
> Task :app:processDebugUnitTestJavaRes NO-SOURCE
> Task :app:processDebugResources

> Task :app:compileDebugJavaWithJavac
Note: Some input files use or override a deprecated API.
Note: Recompile with -Xlint:deprecation for details.

> Task :app:bundleDebugClassesToCompileJar
> Task :app:packageDebugUnitTestForUnitTest
> Task :app:bundleDebugClassesToRuntimeJar
> Task :app:compileDebugUnitTestJavaWithJavac
> Task :app:generateDebugUnitTestConfig

> Task :app:testDebugUnitTest

SmokeTest > everythingIsClickableWithoutCrash STANDARD_OUT
    java.lang.NullPointerException: Cannot invoke "android.content.ComponentName.getPackageName()" because "name" is null
    	at androidx.media3.session.MediaControllerImplBase$SessionServiceConnection.onServiceConnected(MediaControllerImplBase.java:3250)
    	at org.robolectric.shadows.ShadowInstrumentation.lambda$bindService$0(ShadowInstrumentation.java:737)
    	at android.os.Handler.handleCallback(Handler.java:942)
    	at android.os.Handler.dispatchMessage(Handler.java:99)
    	at org.robolectric.shadows.ShadowPausedLooper$IdlingRunnable.doRun(ShadowPausedLooper.java:600)
    	at org.robolectric.shadows.ShadowPausedLooper$ControlRunnable.run(ShadowPausedLooper.java:563)
    	at org.robolectric.shadows.ShadowPausedLooper.executeOnLooper(ShadowPausedLooper.java:685)
    	at org.robolectric.shadows.ShadowPausedLooper.idle(ShadowPausedLooper.java:104)
    	at org.robolectric.shadows.ShadowPausedLooper.idleIfPaused(ShadowPausedLooper.java:177)
    	at org.robolectric.android.controller.ActivityController.visible(ActivityController.java:233)
    	at org.robolectric.android.controller.ActivityController.setup(ActivityController.java:341)
    	at com.anibeat.app.SmokeTest.everythingIsClickableWithoutCrash(SmokeTest.java:33)
    	at java.base/jdk.internal.reflect.NativeMethodAccessorImpl.invoke0(Native Method)
    	at java.base/jdk.internal.reflect.NativeMethodAccessorImpl.invoke(NativeMethodAccessorImpl.java:77)
    	at java.base/jdk.internal.reflect.DelegatingMethodAccessorImpl.invoke(DelegatingMethodAccessorImpl.java:43)
    	at org.junit.runners.model.FrameworkMethod$1.runReflectiveCall(FrameworkMethod.java:59)
    	at org.junit.internal.runners.model.ReflectiveCallable.run(ReflectiveCallable.java:12)
    	at org.junit.runners.model.FrameworkMethod.invokeExplosively(FrameworkMethod.java:56)
    	at org.junit.internal.runners.statements.InvokeMethod.evaluate(InvokeMethod.java:17)
    	at org.junit.runners.ParentRunner$3.evaluate(ParentRunner.java:306)
    	at org.robolectric.RobolectricTestRunner$HelperTestRunner$1.evaluate(RobolectricTestRunner.java:489)
    	at org.robolectric.internal.SandboxTestRunner$2.lambda$evaluate$2(SandboxTestRunner.java:291)
    	at org.robolectric.internal.bytecode.Sandbox.lambda$runOnMainThread$0(Sandbox.java:104)
    	at java.base/java.util.concurrent.FutureTask.run(FutureTask.java:264)
    	at java.base/java.util.concurrent.ThreadPoolExecutor.runWorker(ThreadPoolExecutor.java:1136)
    	at java.base/java.util.concurrent.ThreadPoolExecutor$Worker.run(ThreadPoolExecutor.java:635)
    	at java.base/java.lang.Thread.run(Thread.java:840)

SmokeTest > everythingIsClickableWithoutCrash FAILED
    java.lang.AssertionError: нажатий: 0, падений: 1
    запуск приложения → java.lang.NullPointerException: Cannot invoke "android.content.ComponentName.getPackageName()" because "name" is null
        at org.junit.Assert.fail(Assert.java:89)
        at org.junit.Assert.assertTrue(Assert.java:42)
        at com.anibeat.app.SmokeTest.everythingIsClickableWithoutCrash(SmokeTest.java:37)

1 test completed, 1 failed

> Task :app:testDebugUnitTest FAILED

FAILURE: Build failed with an exception.

* What went wrong:
Execution failed for task ':app:testDebugUnitTest'.
> There were failing tests. See the report at: file:///home/runner/work/Nanajoxkmama/Nanajoxkmama/android/app/build/reports/tests/testDebugUnitTest/index.html

* Try:
> Run with --scan to get full insights.

BUILD FAILED in 1m 9s
24 actionable tasks: 23 executed, 1 from cache
