Unable to strip the following libraries, packaging them as they are: libandroidx.graphics.path.so, libdatastore_shared_counter.so. Run with --info option to learn more.

> Task :app:extractReleaseNativeSymbolTables
--
e: file:///home/runner/work/Nanajoxkmama/Nanajoxkmama/feature/player/src/main/java/com/kamisakyy/nanajoxkmama/feature/player/NowPlayingScreen.kt:281:50 Unresolved reference 'items'.
e: file:///home/runner/work/Nanajoxkmama/Nanajoxkmama/feature/player/src/main/java/com/kamisakyy/nanajoxkmama/feature/player/NowPlayingScreen.kt:281:76 Cannot infer type for this parameter. Specify it explicitly.
e: file:///home/runner/work/Nanajoxkmama/Nanajoxkmama/feature/player/src/main/java/com/kamisakyy/nanajoxkmama/feature/player/NowPlayingScreen.kt:283:21 @Composable invocations can only happen from the context of a @Composable function
gradle/actions: Writing build results to /home/runner/work/_temp/.gradle-actions/build-results/build-1789989023577.json

--
FAILURE: Build failed with an exception.

* What went wrong:
Execution failed for task ':feature:player:compileReleaseKotlin'.
> A failure occurred while executing org.jetbrains.kotlin.compilerRunner.GradleCompilerRunnerWithWorkers$GradleKotlinCompilerWorkAction
----- tail -----
> Task :feature:home:mergeReleaseResources
> Task :feature:library:mergeReleaseResources
> Task :core:playback:compileReleaseJavaWithJavac
> Task :core:playback:transformReleaseClassesWithAsm
> Task :core:playback:bundleLibCompileToJarRelease
> Task :core:playback:bundleLibRuntimeToJarRelease
> Task :feature:home:verifyReleaseResources
> Task :core:playback:mergeReleaseGeneratedProguardFiles
> Task :core:playback:exportReleaseConsumerProguardFiles
> Task :core:playback:processReleaseJavaRes
> Task :core:playback:createFullJarRelease
> Task :feature:player:verifyReleaseResources
> Task :feature:library:verifyReleaseResources
> Task :feature:search:mapReleaseSourceSetPaths
> Task :feature:settings:mapReleaseSourceSetPaths
> Task :core:playback:generateReleaseLintModel
> Task :core:playback:extractReleaseAnnotations
> Task :core:playback:mergeReleaseConsumerProguardFiles
> Task :core:playback:mergeReleaseJavaResource
> Task :core:playback:syncReleaseLibJars
> Task :core:playback:bundleReleaseLocalLintAar
> Task :feature:search:mergeReleaseResources
> Task :core:playback:generateReleaseLintVitalModel
> Task :core:playback:bundleReleaseAar
> Task :core:playback:assembleRelease
> Task :feature:settings:mergeReleaseResources
> Task :feature:player:kspReleaseKotlin
> Task :feature:settings:verifyReleaseResources
> Task :feature:search:verifyReleaseResources
> Task :core:playback:lintVitalAnalyzeRelease

> Task :feature:player:compileReleaseKotlin FAILED
e: file:///home/runner/work/Nanajoxkmama/Nanajoxkmama/feature/player/src/main/java/com/kamisakyy/nanajoxkmama/feature/player/NowPlayingScreen.kt:281:50 Unresolved reference 'items'.
e: file:///home/runner/work/Nanajoxkmama/Nanajoxkmama/feature/player/src/main/java/com/kamisakyy/nanajoxkmama/feature/player/NowPlayingScreen.kt:281:76 Cannot infer type for this parameter. Specify it explicitly.
e: file:///home/runner/work/Nanajoxkmama/Nanajoxkmama/feature/player/src/main/java/com/kamisakyy/nanajoxkmama/feature/player/NowPlayingScreen.kt:283:21 @Composable invocations can only happen from the context of a @Composable function
gradle/actions: Writing build results to /home/runner/work/_temp/.gradle-actions/build-results/build-1789989023577.json

[Incubating] Problems report is available at: file:///home/runner/work/Nanajoxkmama/Nanajoxkmama/build/reports/problems/problems-report.html

FAILURE: Build failed with an exception.

* What went wrong:
Execution failed for task ':feature:player:compileReleaseKotlin'.
> A failure occurred while executing org.jetbrains.kotlin.compilerRunner.GradleCompilerRunnerWithWorkers$GradleKotlinCompilerWorkAction
   > Compilation error. See log for more details

* Try:
> Run with --stacktrace option to get the stack trace.
> Run with --info or --debug option to get more log output.
> Run with --scan to get full insights.
> Get more help at https://help.gradle.org.

Deprecated Gradle features were used in this build, making it incompatible with Gradle 9.0.

You can use '--warning-mode all' to show the individual deprecation warnings and determine if they come from your own scripts or plugins.

For more on this, please refer to https://docs.gradle.org/8.14/userguide/command_line_interface.html#sec:command_line_warnings in the Gradle documentation.

BUILD FAILED in 2m 2s
434 actionable tasks: 361 executed, 73 from cache
[skip ci]
